app/api/admin/gallery/route.ts(15,43): error TS7006: Parameter 'doc' implicitly has an 'any' type.
app/api/admin/members/route.ts(15,43): error TS7006: Parameter 'doc' implicitly has an 'any' type.
app/api/admin/projects/route.ts(16,44): error TS7006: Parameter 'doc' implicitly has an 'any' type.
app/api/admin/requests/route.ts(16,44): error TS7006: Parameter 'doc' implicitly has an 'any' type.
